<html>
<body>
<pre>
<h1>µVision Build Log</h1>
<h2>Tool Versions:</h2>
IDE-Version: µVision V5.38.0.0
Copyright (C) 2022 ARM Ltd and ARM Germany GmbH. All rights reserved.
License Information: Pablo Landriz, University of California, Santa Barbara, LIC=----
 
Tool Versions:
Toolchain:       MDK-Lite  Version: 5.38.0.0
Toolchain Path:  C:\Keil_v5\ARM\ARMCLANG\Bin
C Compiler:      ArmClang.exe V6.19
Assembler:       Armasm.exe V6.19
Linker/Locator:  ArmLink.exe V6.19
Library Manager: ArmAr.exe V6.19
Hex Converter:   FromElf.exe V6.19
CPU DLL:         SARMCM3.DLL V5.38.0.0
Dialog DLL:      DCM.DLL V1.17.5.0
Target DLL:      STLink\ST-LINKIII-KEIL_SWO.dll V3.1.0.0
Dialog DLL:      TCM.DLL V1.56.4.0
 
<h2>Project:</h2>
C:\Users\stevenreiber\Downloads\B_and_c_updated-main\B_and_c_updated-main\project.uvprojx
Project File Date:  06/13/2023

<h2>Output:</h2>
*** Using Compiler 'V6.19', folder: 'C:\Keil_v5\ARM\ARMCLANG\Bin'
Build target 'Target 1'
src/main.c(25): warning: no previous extern declaration for non-static variable 'open' [-Wmissing-variable-declarations]
        uint32_t open = 1;
                 ^
src/main.c(25): note: declare 'static' if the variable is not intended to be used outside of this translation unit
        uint32_t open = 1;
        ^
src/main.c(26): warning: no previous extern declaration for non-static variable 'console' [-Wmissing-variable-declarations]
        uint32_t console = 2;
                 ^
src/main.c(26): note: declare 'static' if the variable is not intended to be used outside of this translation unit
        uint32_t console = 2;
        ^
src/main.c(27): warning: no previous extern declaration for non-static variable 'wait' [-Wmissing-variable-declarations]
        uint32_t wait = 0;
                 ^
src/main.c(27): note: declare 'static' if the variable is not intended to be used outside of this translation unit
        uint32_t wait = 0;
        ^
src/main.c(28): warning: unused parameter 'size' [-Wunused-parameter]
void UART_onInput(char* inputs, uint32_t size) {
                                         ^
src/main.c(71): warning: mixing declarations and code is incompatible with standards before C99 [-Wdeclaration-after-statement]
        uint8_t SlaveAddress;
                ^
src/main.c(22): warning: no previous extern declaration for non-static variable 'x' [-Wmissing-variable-declarations]
        double x;
               ^
src/main.c(22): note: declare 'static' if the variable is not intended to be used outside of this translation unit
        double x;
        ^
src/main.c(23): warning: no previous extern declaration for non-static variable 'y' [-Wmissing-variable-declarations]
        double y;
               ^
src/main.c(23): note: declare 'static' if the variable is not intended to be used outside of this translation unit
        double y;
        ^
src/main.c(24): warning: no previous extern declaration for non-static variable 'z' [-Wmissing-variable-declarations]
        double z;
               ^
src/main.c(24): note: declare 'static' if the variable is not intended to be used outside of this translation unit
        double z;
        ^
8 warnings generated.
compiling main.c...
linking...
Program Size: Code=14120 RO-data=1200 RW-data=16 ZI-data=2704  
FromELF: creating hex file...
".\Objects\project.axf" - 0 Error(s), 8 Warning(s).

<h2>Software Packages used:</h2>

Package Vendor: ARM
                http://www.keil.com/pack/ARM.CMSIS.5.9.0.pack
                ARM.CMSIS.5.9.0
                CMSIS (Common Microcontroller Software Interface Standard)
   * Component: CORE Version: 5.6.0

Package Vendor: Keil
                http://www.keil.com/pack/Keil.STM32L4xx_DFP.2.6.1.pack
                Keil.STM32L4xx_DFP.2.6.1
                STMicroelectronics STM32L4 Series Device Support, Drivers and Examples

<h2>Collection of Component include folders:</h2>
  ./RTE/_Target_1
  C:/Keil_v5/ARM/CMSIS/5.9.0/CMSIS/Core/Include
  C:/Keil_v5/Keil/STM32L4xx_DFP/2.6.1/Drivers/CMSIS/Device/ST/STM32L4xx/Include

<h2>Collection of Component Files used:</h2>

   * Component: ARM::CMSIS:CORE:5.6.0
Build Time Elapsed:  00:00:01
</pre>
</body>
</html>
